// Jest Snapshot v1, https://goo.gl/fbAQLP

exports[`App renders correctly 1`] = `
<div
  className="App"
>
  <h1>
    Device Detector
  </h1>
  <div>
    <p>
      Click to check what type of device and what OS you are using.
    </p>
    <button
      onClick={[Function]}
      type="button"
    >
      Detect Device
    </button>
  </div>
</div>
`;
